###############################################################################
#
# IAR ELF Linker V9.10.1.308/W64 for ARM                  21/Dec/2025  17:30:49
# Copyright 2007-2021 IAR Systems AB.
#
#    Output file  =
#        D:\Fall2025\Intro ES\project\Door_Lock\HMI_ECU\Debug\Exe\HMI_ECU.out
#    Map file     =
#        D:\Fall2025\Intro ES\project\Door_Lock\HMI_ECU\Debug\List\HMI_ECU.map
#    Command line =
#        -f "D:\Fall2025\Intro
#        ES\project\Door_Lock\HMI_ECU\Debug\Exe\HMI_ECU.out.rsp"
#        ("D:\Fall2025\Intro ES\project\Door_Lock\HMI_ECU\Debug\Obj\HAL\adc.o"
#        "D:\Fall2025\Intro
#        ES\project\Door_Lock\HMI_ECU\Debug\Obj\HAL\i2c_lcd.o"
#        "D:\Fall2025\Intro
#        ES\project\Door_Lock\HMI_ECU\Debug\Obj\HAL\keypad.o"
#        "D:\Fall2025\Intro ES\project\Door_Lock\HMI_ECU\Debug\Obj\HAL\leds.o"
#        "D:\Fall2025\Intro ES\project\Door_Lock\HMI_ECU\Debug\Obj\APP\main.o"
#        "D:\Fall2025\Intro
#        ES\project\Door_Lock\HMI_ECU\Debug\Obj\CORE\password.o"
#        "D:\Fall2025\Intro
#        ES\project\Door_Lock\HMI_ECU\Debug\Obj\MCAL\systick.o"
#        "D:\Fall2025\Intro
#        ES\project\Door_Lock\HMI_ECU\Debug\Obj\MCAL\uart1.o"
#        --no_out_extension -o "D:\Fall2025\Intro
#        ES\project\Door_Lock\HMI_ECU\Debug\Exe\HMI_ECU.out" --map
#        "D:\Fall2025\Intro
#        ES\project\Door_Lock\HMI_ECU\Debug\List\HMI_ECU.map" --config
#        "C:\Program Files\IAR Systems\Embedded Workbench
#        9.0\arm\config\linker\TexasInstruments\TM4C123GH6.icf" --semihosting
#        --entry __iar_program_start --vfe --enable_stack_usage --text_out
#        locale)
#
###############################################################################

*******************************************************************************
*** RUNTIME MODEL ATTRIBUTES
***

CppFlavor       = *
__SystemLibrary = DLib
__dlib_version  = 6


*******************************************************************************
*** HEAP SELECTION
***

The basic heap was selected because no calls to memory allocation
functions were found in the application outside of system library
functions, and there are calls to deallocation functions in the
application.


*******************************************************************************
*** PLACEMENT SUMMARY
***

"A0":  place at address 0x0 { ro section .intvec };
"P1":  place in [from 0x0 to 0x3'ffff] { ro };
define block CSTACK with size = 4K, alignment = 8 { };
define block HEAP with size = 8K, alignment = 8 { };
"P2":  place in [from 0x2000'0000 to 0x2000'7fff] {
          rw, block CSTACK, block HEAP };
initialize by copy { rw };

  Section            Kind         Address    Size  Object
  -------            ----         -------    ----  ------
"A0":                                        0x40
  .intvec            ro code          0x0    0x40  vector_table_M.o [7]
                                   - 0x40    0x40

"P1":                                      0x1688
  .text              ro code         0x40   0x4fd  xprintfsmall_nomb.o [5]
  .text              ro code        0x53e    0x2a  copy_init3.o [7]
  .text              ro code        0x568    0x16  strchr.o [7]
  .text              ro code        0x57e    0x1a  xsnprout.o [5]
  .text              ro code        0x598    0x40  xfail_s.o [5]
  .text              ro code        0x5d8    0x36  strlen.o [7]
  .rodata            const          0x60e     0x2  i2c_lcd.o [3]
  .text              ro code        0x610    0x58  memchr.o [7]
  .text              ro code        0x668     0x6  abort.o [5]
  .text              ro code        0x66e     0x2  vectortrap_M.o [7]
  .text              ro code        0x670    0x14  exit.o [8]
  .text              ro code        0x684   0x48c  main.o [1]
  .text              ro code        0xb10   0x31c  i2c_lcd.o [3]
  .text              ro code        0xe2c    0x60  systick.o [4]
  .text              ro code        0xe8c   0x124  keypad.o [3]
  .text              ro code        0xfb0    0xe6  adc.o [3]
  .text              ro code       0x1098   0x150  password.o [2]
  .text              ro code       0x11e8    0xcc  uart1.o [4]
  .text              ro code       0x12b4    0xf4  leds.o [3]
  .text              ro code       0x13a8    0x44  snprintf.o [5]
  .text              ro code       0x13ec    0x56  ABImemcpy_unaligned.o [7]
  .text              ro code       0x1444    0x12  strcmp.o [7]
  .text              ro code       0x1458    0x18  strcpy.o [7]
  .text              ro code       0x1470    0x28  data_init.o [7]
  .text              ro code       0x1498    0x22  fpinit_M.o [6]
  .iar.init_table    const         0x14bc    0x14  - Linker created -
  .text              ro code       0x14d0    0x1e  cmain.o [7]
  .text              ro code       0x14ee     0x4  low_level_init.o [5]
  .text              ro code       0x14f2     0x4  exit.o [5]
  .text              ro code       0x14f8     0xa  cexit.o [7]
  .text              ro code       0x1504    0x1c  cstartup_M.o [7]
  .rodata            const         0x1520    0x14  i2c_lcd.o [3]
  .rodata            const         0x1534    0x14  main.o [1]
  .rodata            const         0x1548    0x14  password.o [2]
  .rodata            const         0x155c    0x14  password.o [2]
  .rodata            const         0x1570    0x10  keypad.o [3]
  .rodata            const         0x1580    0x10  main.o [1]
  .rodata            const         0x1590    0x10  main.o [1]
  .rodata            const         0x15a0    0x10  main.o [1]
  .rodata            const         0x15b0    0x10  main.o [1]
  .rodata            const         0x15c0    0x10  main.o [1]
  .rodata            const         0x15d0    0x10  main.o [1]
  .rodata            const         0x15e0    0x10  main.o [1]
  .rodata            const         0x15f0    0x10  main.o [1]
  .rodata            const         0x1600    0x10  main.o [1]
  .rodata            const         0x1610    0x10  main.o [1]
  .rodata            const         0x1620    0x10  main.o [1]
  .rodata            const         0x1630    0x10  main.o [1]
  .rodata            const         0x1640    0x10  password.o [2]
  .rodata            const         0x1650    0x10  password.o [2]
  .rodata            const         0x1660    0x10  password.o [2]
  .rodata            const         0x1670    0x10  password.o [2]
  .rodata            const         0x1680     0xc  main.o [1]
  .rodata            const         0x168c     0xc  main.o [1]
  .rodata            const         0x1698     0xc  main.o [1]
  .rodata            const         0x16a4     0xc  main.o [1]
  .rodata            const         0x16b0     0x8  main.o [1]
  .rodata            const         0x16b8     0x8  main.o [1]
  Initializer bytes  const         0x16c0     0x8  <for P2-1>
  .rodata            const         0x16c8     0x0  copy_init3.o [7]
                                 - 0x16c8  0x1688

"P2", part 1 of 2:                            0x8
  P2-1                        0x2000'0000     0x7  <Init block>
    .bss             inited   0x2000'0000     0x4  xfail_s.o [5]
    .data            inited   0x2000'0004     0x1  i2c_lcd.o [3]
    .data            inited   0x2000'0005     0x1  i2c_lcd.o [3]
    .bss             inited   0x2000'0006     0x1  systick.o [4]
                            - 0x2000'0007     0x7

"P2", part 2 of 2:                         0x1000
  CSTACK                      0x2000'0008  0x1000  <Block>
    CSTACK           uninit   0x2000'0008  0x1000  <Block tail>
                            - 0x2000'1008  0x1000

Unused ranges:

         From           To      Size
         ----           --      ----
       0x16c8     0x3'ffff  0x3'e938
  0x2000'1008  0x2000'7fff    0x6ff8


*******************************************************************************
*** INIT TABLE
***

          Address      Size
          -------      ----
Copy (__iar_copy_init3)
    1 source range, total size 0x8 (114% of destination):
               0x16c0   0x8
    1 destination range, total size 0x7:
          0x2000'0000   0x7


*******************************************************************************
*** STACK USAGE
***

  Call Graph Root Category  Max Use  Total Use
  ------------------------  -------  ---------
  interrupt                      0          0
  Program entry                224        224


Program entry
  "__iar_program_start": 0x1505

  Maximum call chain                              224  bytes

    "__iar_program_start"                           0
    "__cmain"                                       0
    "main"                                         16
    "set_timeout" in main.o [1]                    32
    "snprintf"                                     40
    "_PrintfSmallNoMb"                            112
    "_PutcharsSmallNoMb" in xprintfsmall_nomb.o [5]
                                                   24
    "_SNProut"                                      0

interrupt
  "__default_handler" in vectortrap_M.o [7]: 0x66f

  Maximum call chain                                0  bytes

    "__default_handler" in vectortrap_M.o [7]       0


*******************************************************************************
*** MODULE SUMMARY
***

    Module                 ro code  ro data  rw data
    ------                 -------  -------  -------
command line/config:
    ------------------------------------------------
    Total:

D:\Fall2025\Intro ES\project\Door_Lock\HMI_ECU\Debug\Obj\APP: [1]
    main.o                   1'164      276
    ------------------------------------------------
    Total:                   1'164      276

D:\Fall2025\Intro ES\project\Door_Lock\HMI_ECU\Debug\Obj\CORE: [2]
    password.o                 336      104
    ------------------------------------------------
    Total:                     336      104

D:\Fall2025\Intro ES\project\Door_Lock\HMI_ECU\Debug\Obj\HAL: [3]
    adc.o                      230
    i2c_lcd.o                  796       24        2
    keypad.o                   292       16
    leds.o                     244
    ------------------------------------------------
    Total:                   1'562       40        2

D:\Fall2025\Intro ES\project\Door_Lock\HMI_ECU\Debug\Obj\MCAL: [4]
    systick.o                   96        1        1
    uart1.o                    204
    ------------------------------------------------
    Total:                     300        1        1

dl7M_tln.a: [5]
    abort.o                      6
    exit.o                       4
    low_level_init.o             4
    snprintf.o                  68
    xfail_s.o                   64        4        4
    xprintfsmall_nomb.o      1'277
    xsnprout.o                  26
    ------------------------------------------------
    Total:                   1'449        4        4

m7M_tls.a: [6]
    fpinit_M.o                  34
    ------------------------------------------------
    Total:                      34

rt7M_tl.a: [7]
    ABImemcpy_unaligned.o       86
    cexit.o                     10
    cmain.o                     30
    copy_init3.o                42
    cstartup_M.o                28
    data_init.o                 40
    memchr.o                    88
    strchr.o                    22
    strcmp.o                    18
    strcpy.o                    24
    strlen.o                    54
    vector_table_M.o            64
    vectortrap_M.o               2
    ------------------------------------------------
    Total:                     508

shb_l.a: [8]
    exit.o                      20
    ------------------------------------------------
    Total:                      20

    Gaps                        11        2
    Linker created                       21    4'096
----------------------------------------------------
    Grand Total:             5'384      448    4'103


*******************************************************************************
*** ENTRY LIST
***

Entry                       Address   Size  Type      Object
-----                       -------   ----  ----      ------
.iar.init_table$$Base        0x14bc          --   Gb  - Linker created -
.iar.init_table$$Limit       0x14d0          --   Gb  - Linker created -
?main                        0x14d1         Code  Gb  cmain.o [7]
ADC_Init                      0xfb1   0x6e  Code  Gb  adc.o [3]
ADC_Read                     0x101f   0x26  Code  Gb  adc.o [3]
ADC_ToSeconds                0x1079   0x1e  Code  Gb  adc.o [3]
BusFault_Handler              0x66f         Code  Wk  vectortrap_M.o [7]
CSTACK$$Base            0x2000'0008          --   Gb  - Linker created -
CSTACK$$Limit           0x2000'1008          --   Gb  - Linker created -
DebugMon_Handler              0x66f         Code  Wk  vectortrap_M.o [7]
DelayMs                       0xe5b   0x22  Code  Gb  systick.o [4]
HardFault_Handler             0x66f         Code  Wk  vectortrap_M.o [7]
I2C0_Init                     0xb11   0x9a  Code  Gb  i2c_lcd.o [3]
I2C_WriteByte                 0xbab   0x62  Code  Lc  i2c_lcd.o [3]
Keypad_GetKey                 0xed7   0xb6  Code  Gb  keypad.o [3]
Keypad_Init                   0xe8d   0x4a  Code  Gb  keypad.o [3]
LCD_Command                   0xc89   0x26  Code  Lc  i2c_lcd.o [3]
LCD_Data                      0xcaf   0x26  Code  Lc  i2c_lcd.o [3]
LCD_PulseEnable               0xc0d   0x3a  Code  Lc  i2c_lcd.o [3]
LCD_Write4Bits                0xc47   0x1e  Code  Lc  i2c_lcd.o [3]
LCD_WriteNibble               0xc65   0x24  Code  Lc  i2c_lcd.o [3]
MemManage_Handler             0x66f         Code  Wk  vectortrap_M.o [7]
NMI_Handler                   0x66f         Code  Wk  vectortrap_M.o [7]
PendSV_Handler                0x66f         Code  Wk  vectortrap_M.o [7]
Region$$Table$$Base          0x14bc          --   Gb  - Linker created -
Region$$Table$$Limit         0x14d0          --   Gb  - Linker created -
SVC_Handler                   0x66f         Code  Wk  vectortrap_M.o [7]
SysTick_Handler               0x66f         Code  Wk  vectortrap_M.o [7]
SysTick_Init                  0xe2d   0x2e  Code  Gb  systick.o [4]
UART1_init                   0x11e9   0x7c  Code  Gb  uart1.o [4]
UART1_receiveByte            0x1277    0x8  Code  Gb  uart1.o [4]
UART1_sendByte               0x1265   0x12  Code  Gb  uart1.o [4]
UsageFault_Handler            0x66f         Code  Wk  vectortrap_M.o [7]
_LitobSmallNoMb               0x3fb   0xd0  Code  Lc  xprintfsmall_nomb.o [5]
_PrintfSmallNoMb               0x41  0x3b0  Code  Gb  xprintfsmall_nomb.o [5]
_PutcharSmallNoMb             0x4cb   0x20  Code  Lc  xprintfsmall_nomb.o [5]
_PutcharsSmallNoMb            0x4eb   0x2e  Code  Lc  xprintfsmall_nomb.o [5]
_SNProut                      0x57f   0x1a  Code  Gb  xsnprout.o [5]
__cmain                      0x14d1         Code  Gb  cmain.o [7]
__exit                        0x671   0x14  Code  Gb  exit.o [8]
__iar_Fail_s                  0x599   0x1c  Code  Gb  xfail_s.o [5]
__iar_Memchr                  0x611         Code  Gb  memchr.o [7]
__iar_Strchr                  0x569         Code  Gb  strchr.o [7]
__iar_copy_init3              0x53f   0x2a  Code  Gb  copy_init3.o [7]
__iar_data_init3             0x1471   0x28  Code  Gb  data_init.o [7]
__iar_init_vfp               0x1499         Code  Gb  fpinit_M.o [6]
__iar_program_start          0x1505         Code  Gb  cstartup_M.o [7]
__iar_unaligned_memcpy4
                             0x13ed         Code  Gb  ABImemcpy_unaligned.o [7]
__iar_unaligned_memcpy8
                             0x13ed         Code  Gb  ABImemcpy_unaligned.o [7]
__low_level_init             0x14ef    0x4  Code  Gb  low_level_init.o [5]
__vector_table                  0x0         Data  Gb  vector_table_M.o [7]
_call_main                   0x14dd         Code  Gb  cmain.o [7]
_exit                        0x14f9         Code  Gb  cexit.o [7]
abort                         0x669    0x6  Code  Gb  abort.o [5]
change_password               0x7dd  0x12a  Code  Lc  main.o [1]
clear_line                    0xdc5   0x20  Code  Gb  i2c_lcd.o [3]
display_message               0xda9   0x1c  Code  Gb  i2c_lcd.o [3]
exit                         0x14f3    0x4  Code  Gb  exit.o [5]
get_password_input_line
                             0x1099   0x74  Code  Gb  password.o [2]
init_leds                    0x12b5   0x44  Code  Gb  leds.o [3]
interruptMode           0x2000'0006    0x1  Data  Lc  systick.o [4]
lcd_backlight           0x2000'0004    0x1  Data  Lc  i2c_lcd.o [3]
lcd_clear                     0xd75   0x10  Code  Gb  i2c_lcd.o [3]
lcd_i2c_addr            0x2000'0005    0x1  Data  Lc  i2c_lcd.o [3]
lcd_init                      0xcd5   0x62  Code  Gb  i2c_lcd.o [3]
lcd_print_char                0xd45   0x14  Code  Gb  i2c_lcd.o [3]
lcd_print_str                 0xd59   0x1c  Code  Gb  i2c_lcd.o [3]
lcd_send_cmd                  0xd37    0xe  Code  Gb  i2c_lcd.o [3]
lcd_set_cursor                0xd85   0x24  Code  Gb  i2c_lcd.o [3]
led_green_flash              0x1345   0x4c  Code  Gb  leds.o [3]
led_red_flash                0x12f9   0x4c  Code  Gb  leds.o [3]
main                          0x9b3  0x112  Code  Gb  main.o [1]
memchr                        0x611         Code  Gb  memchr.o [7]
open_door                     0x6e7   0xf6  Code  Lc  main.o [1]
sec_hand                0x2000'0000    0x4  Data  Lc  xfail_s.o [5]
set_timeout                   0x907   0xac  Code  Lc  main.o [1]
setup_password               0x110d   0xc4  Code  Gb  password.o [2]
show_main_menu                0x685   0x62  Code  Lc  main.o [1]
snprintf                     0x13a9   0x44  Code  Gb  snprintf.o [5]
strchr                        0x569         Code  Gb  strchr.o [7]
strcmp                       0x1445         Code  Gb  strcmp.o [7]
strcpy                       0x1459         Code  Gb  strcpy.o [7]
strlen                        0x5d9         Code  Gb  strlen.o [7]


[1] = D:\Fall2025\Intro ES\project\Door_Lock\HMI_ECU\Debug\Obj\APP
[2] = D:\Fall2025\Intro ES\project\Door_Lock\HMI_ECU\Debug\Obj\CORE
[3] = D:\Fall2025\Intro ES\project\Door_Lock\HMI_ECU\Debug\Obj\HAL
[4] = D:\Fall2025\Intro ES\project\Door_Lock\HMI_ECU\Debug\Obj\MCAL
[5] = dl7M_tln.a
[6] = m7M_tls.a
[7] = rt7M_tl.a
[8] = shb_l.a

  5'384 bytes of readonly  code memory
    448 bytes of readonly  data memory
  4'103 bytes of readwrite data memory

Errors: none
Warnings: none
