###############################################################################
#
# IAR ELF Linker V9.10.1.308/W64 for ARM                  20/Dec/2025  19:16:03
# Copyright 2007-2021 IAR Systems AB.
#
#    Output file  =
#        D:\Fall2025\Intro ES\project\Door_Lock\Test\Debug\Exe\Test.out
#    Map file     =
#        D:\Fall2025\Intro ES\project\Door_Lock\Test\Debug\List\Test.map
#    Command line =
#        -f "D:\Fall2025\Intro
#        ES\project\Door_Lock\Test\Debug\Exe\Test.out.rsp" ("D:\Fall2025\Intro
#        ES\project\Door_Lock\Test\Debug\Obj\HMI_ECU\adc.o" "D:\Fall2025\Intro
#        ES\project\Door_Lock\Test\Debug\Obj\Control_ECU\buzzer.o"
#        "D:\Fall2025\Intro
#        ES\project\Door_Lock\Test\Debug\Obj\Control_ECU\eeprom.o"
#        "D:\Fall2025\Intro
#        ES\project\Door_Lock\Test\Debug\Obj\HMI_ECU\i2c_lcd.o"
#        "D:\Fall2025\Intro
#        ES\project\Door_Lock\Test\Debug\Obj\HMI_ECU\keypad.o"
#        "D:\Fall2025\Intro ES\project\Door_Lock\Test\Debug\Obj\HMI_ECU\leds.o"
#        "D:\Fall2025\Intro ES\project\Door_Lock\Test\Debug\Obj\main.o"
#        "D:\Fall2025\Intro
#        ES\project\Door_Lock\Test\Debug\Obj\Control_ECU\motor.o"
#        "D:\Fall2025\Intro
#        ES\project\Door_Lock\Test\Debug\Obj\HMI_ECU\password.o"
#        "D:\Fall2025\Intro ES\project\Door_Lock\Test\Debug\Obj\systick.o"
#        "D:\Fall2025\Intro
#        ES\project\Door_Lock\Test\Debug\Obj\Control_ECU\uart1.o"
#        --no_out_extension -o "D:\Fall2025\Intro
#        ES\project\Door_Lock\Test\Debug\Exe\Test.out" --map "D:\Fall2025\Intro
#        ES\project\Door_Lock\Test\Debug\List\Test.map" --config "C:\Program
#        Files\IAR Systems\Embedded Workbench
#        9.0\arm\config\linker\TexasInstruments\TM4C123GH6.icf" --semihosting
#        --entry __iar_program_start --vfe --enable_stack_usage --text_out
#        locale)
#
###############################################################################

*******************************************************************************
*** RUNTIME MODEL ATTRIBUTES
***

CppFlavor       = *
__SystemLibrary = DLib
__dlib_version  = 6


*******************************************************************************
*** HEAP SELECTION
***

The basic heap was selected because no calls to memory allocation
functions were found in the application outside of system library
functions, and there are calls to deallocation functions in the
application.


*******************************************************************************
*** PLACEMENT SUMMARY
***

"A0":  place at address 0x0 { ro section .intvec };
"P1":  place in [from 0x0 to 0x3'ffff] { ro };
define block CSTACK with size = 4K, alignment = 8 { };
define block HEAP with size = 8K, alignment = 8 { };
"P2":  place in [from 0x2000'0000 to 0x2000'7fff] {
          rw, block CSTACK, block HEAP };
initialize by copy { rw };

  Section            Kind         Address    Size  Object
  -------            ----         -------    ----  ------
"A0":                                        0x40
  .intvec            ro code          0x0    0x40  vector_table_M.o [6]
                                   - 0x40    0x40

"P1":                                      0x1f84
  .text              ro code         0x40   0xf16  xprintffull_nomb.o [4]
  .text              ro code        0xf56    0x2a  copy_init3.o [6]
  .text              ro code        0xf80    0x16  strchr.o [6]
  .text              ro code        0xf96     0x2  vectortrap_M.o [6]
  .text              ro code        0xf98    0x40  xfail_s.o [4]
  .text              ro code        0xfd8    0x36  strlen.o [6]
  .text              ro code       0x1010    0x58  memchr.o [6]
  .text              ro code       0x1068    0x76  ABImemcpy_unaligned.o [6]
  .text              ro code       0x10e0    0x70  frexp.o [5]
  .text              ro code       0x1150    0x34  DblCmpLe.o [5]
  .text              ro code       0x1184    0x34  DblCmpGe.o [5]
  .text              ro code       0x11b8   0x13a  ldexp.o [5]
  .text              ro code       0x12f4    0x36  DblToS32.o [5]
  .text              ro code       0x132c    0x22  S32ToDbl.o [5]
  .text              ro code       0x1350   0x24e  DblAddSub.o [5]
  .text              ro code       0x15a0   0x246  DblDiv.o [5]
  .text              ro code       0x17e8    0x22  DblToU32.o [5]
  .text              ro code       0x180c    0x1c  U32ToDbl.o [5]
  .text              ro code       0x1828   0x1aa  DblMul.o [5]
  .text              ro code       0x19d4   0x230  I64DivMod.o [6]
  .text              ro code       0x1c04     0x6  abort.o [4]
  .text              ro code       0x1c0c     0x2  I64DivZer.o [6]
  .text              ro code       0x1c10    0x14  exit.o [7]
  .text              ro code       0x1c24    0x7c  iarttio.o [7]
  .text              ro code       0x1ca0     0x8  XShttio.o [4]
  .text              ro code       0x1ca8   0x124  keypad.o [3]
  .text              ro code       0x1dcc    0x30  main.o [1]
  .text              ro code       0x1dfc    0x28  printf.o [4]
  .text              ro code       0x1e24    0x28  data_init.o [6]
  .text              ro code       0x1e4c    0x22  fpinit_M.o [5]
  .text              ro code       0x1e6e    0x22  iarwrite.o [7]
  .iar.init_table    const         0x1e90    0x14  - Linker created -
  .text              ro code       0x1ea4    0x20  putchar.o [4]
  .text              ro code       0x1ec4    0x10  write.o [7]
  .text              ro code       0x1ed4    0x1e  dwrite.o [7]
  .text              ro code       0x1ef2    0x20  iarwstd.o [7]
  .text              ro code       0x1f14    0x1e  cmain.o [6]
  .text              ro code       0x1f32     0x4  low_level_init.o [4]
  .text              ro code       0x1f36     0x4  exit.o [4]
  .text              ro code       0x1f3c     0xa  cexit.o [6]
  .text              ro code       0x1f48    0x1c  cstartup_M.o [6]
  .rodata            const         0x1f64    0x18  main.o [1]
  .text              ro code       0x1f7c    0x16  xprout.o [4]
  .rodata            const         0x1f94    0x14  main.o [1]
  .rodata            const         0x1fa8    0x10  keypad.o [3]
  Initializer bytes  const         0x1fb8     0xc  <for P2-1>
  .rodata            const         0x1fc4     0x0  copy_init3.o [6]
                                 - 0x1fc4  0x1f84

"P2", part 1 of 2:                            0xc
  P2-1                        0x2000'0000     0xc  <Init block>
    .data            inited   0x2000'0000     0x8  XShttio.o [4]
    .bss             inited   0x2000'0008     0x4  xfail_s.o [4]
                            - 0x2000'000c     0xc

"P2", part 2 of 2:                         0x1000
  CSTACK                      0x2000'0010  0x1000  <Block>
    CSTACK           uninit   0x2000'0010  0x1000  <Block tail>
                            - 0x2000'1010  0x1000

Unused ranges:

         From           To      Size
         ----           --      ----
       0x1fc4     0x3'ffff  0x3'e03c
  0x2000'000c  0x2000'000f       0x4
  0x2000'1010  0x2000'7fff    0x6ff0


*******************************************************************************
*** INIT TABLE
***

          Address      Size
          -------      ----
Copy (__iar_copy_init3)
    1 source range, total size 0xc:
               0x1fb8   0xc
    1 destination range, total size 0xc:
          0x2000'0000   0xc


*******************************************************************************
*** STACK USAGE
***

  Call Graph Root Category  Max Use  Total Use
  ------------------------  -------  ---------
  interrupt                      0          0
  Program entry                376        376


Program entry
  "__iar_program_start": 0x1f49

  Maximum call chain                              376  bytes

    "__iar_program_start"                           0
    "__cmain"                                       0
    "main"                                          8
    "printf"                                       24
    "_PrintfFullNoMb"                             224
    "_PutcharsFullNoMb" in xprintffull_nomb.o [4]
                                                   24
    "_Prout"                                       16
    "putchar"                                       8
    "__write"                                       8
    "__dwrite"                                      8
    "__iar_sh_stdout"                              24
    "__iar_get_ttio"                               32
    "__iar_lookup_ttioh"                            0

interrupt
  "__default_handler" in vectortrap_M.o [6]: 0xf97

  Maximum call chain                                0  bytes

    "__default_handler" in vectortrap_M.o [6]       0


*******************************************************************************
*** MODULE SUMMARY
***

    Module                 ro code  ro data  rw data
    ------                 -------  -------  -------
command line/config:
    ------------------------------------------------
    Total:

D:\Fall2025\Intro ES\project\Door_Lock\Test\Debug\Obj: [1]
    main.o                      48       44
    ------------------------------------------------
    Total:                      48       44

D:\Fall2025\Intro ES\project\Door_Lock\Test\Debug\Obj\Control_ECU: [2]
    ------------------------------------------------
    Total:

D:\Fall2025\Intro ES\project\Door_Lock\Test\Debug\Obj\HMI_ECU: [3]
    keypad.o                   292       16
    ------------------------------------------------
    Total:                     292       16

dl7M_tln.a: [4]
    XShttio.o                    8        8        8
    abort.o                      6
    exit.o                       4
    low_level_init.o             4
    printf.o                    40
    putchar.o                   32
    xfail_s.o                   64        4        4
    xprintffull_nomb.o       3'862
    xprout.o                    22
    ------------------------------------------------
    Total:                   4'042       12       12

m7M_tls.a: [5]
    DblAddSub.o                590
    DblCmpGe.o                  52
    DblCmpLe.o                  52
    DblDiv.o                   582
    DblMul.o                   426
    DblToS32.o                  54
    DblToU32.o                  34
    S32ToDbl.o                  34
    U32ToDbl.o                  28
    fpinit_M.o                  34
    frexp.o                    112
    ldexp.o                    314
    ------------------------------------------------
    Total:                   2'312

rt7M_tl.a: [6]
    ABImemcpy_unaligned.o      118
    I64DivMod.o                560
    I64DivZer.o                  2
    cexit.o                     10
    cmain.o                     30
    copy_init3.o                42
    cstartup_M.o                28
    data_init.o                 40
    memchr.o                    88
    strchr.o                    22
    strlen.o                    54
    vector_table_M.o            64
    vectortrap_M.o               2
    ------------------------------------------------
    Total:                   1'060

shb_l.a: [7]
    dwrite.o                    30
    exit.o                      20
    iarttio.o                  124
    iarwrite.o                  34
    iarwstd.o                   32
    write.o                     16
    ------------------------------------------------
    Total:                     256

    Gaps                        28        2
    Linker created                       20    4'096
----------------------------------------------------
    Grand Total:             8'038       94    4'108


*******************************************************************************
*** ENTRY LIST
***

Entry                       Address   Size  Type      Object
-----                       -------   ----  ----      ------
.iar.init_table$$Base        0x1e90          --   Gb  - Linker created -
.iar.init_table$$Limit       0x1ea4          --   Gb  - Linker created -
?main                        0x1f15         Code  Gb  cmain.o [6]
BusFault_Handler              0xf97         Code  Wk  vectortrap_M.o [6]
CSTACK$$Base            0x2000'0010          --   Gb  - Linker created -
CSTACK$$Limit           0x2000'1010          --   Gb  - Linker created -
DebugMon_Handler              0xf97         Code  Wk  vectortrap_M.o [6]
HardFault_Handler             0xf97         Code  Wk  vectortrap_M.o [6]
Keypad_GetKey                0x1cf3   0xb6  Code  Gb  keypad.o [3]
Keypad_Init                  0x1ca9   0x4a  Code  Gb  keypad.o [3]
MemManage_Handler             0xf97         Code  Wk  vectortrap_M.o [6]
NMI_Handler                   0xf97         Code  Wk  vectortrap_M.o [6]
PendSV_Handler                0xf97         Code  Wk  vectortrap_M.o [6]
Region$$Table$$Base          0x1e90          --   Gb  - Linker created -
Region$$Table$$Limit         0x1ea4          --   Gb  - Linker created -
SVC_Handler                   0xf97         Code  Wk  vectortrap_M.o [6]
SysTick_Handler               0xf97         Code  Wk  vectortrap_M.o [6]
UsageFault_Handler            0xf97         Code  Wk  vectortrap_M.o [6]
_LitobFullNoMb                0xd5d  0x10c  Code  Lc  xprintffull_nomb.o [4]
_PrintfFullNoMb                0x41  0xcec  Code  Gb  xprintffull_nomb.o [4]
_Prout                       0x1f7d   0x16  Code  Gb  xprout.o [4]
_PutcharFullNoMb              0xec1   0x20  Code  Lc  xprintffull_nomb.o [4]
_PutcharsFullNoMb             0xee1   0x2e  Code  Lc  xprintffull_nomb.o [4]
__aeabi_cdcmple              0x1151         Code  Gb  DblCmpLe.o [5]
__aeabi_cdrcmple             0x1185         Code  Gb  DblCmpGe.o [5]
__aeabi_d2iz                 0x12f5         Code  Gb  DblToS32.o [5]
__aeabi_d2uiz                0x17e9         Code  Gb  DblToU32.o [5]
__aeabi_ddiv                 0x15a1         Code  Gb  DblDiv.o [5]
__aeabi_dmul                 0x1829         Code  Gb  DblMul.o [5]
__aeabi_dsub                 0x14bd         Code  Gb  DblAddSub.o [5]
__aeabi_i2d                  0x132d         Code  Gb  S32ToDbl.o [5]
__aeabi_ldiv0                0x1c0d         Code  Gb  I64DivZer.o [6]
__aeabi_ui2d                 0x180d         Code  Gb  U32ToDbl.o [5]
__aeabi_uldivmod             0x19d5         Code  Gb  I64DivMod.o [6]
__cmain                      0x1f15         Code  Gb  cmain.o [6]
__dwrite                     0x1ed5   0x1e  Code  Gb  dwrite.o [7]
__exit                       0x1c11   0x14  Code  Gb  exit.o [7]
__iar_Fail_s                  0xf99   0x1c  Code  Gb  xfail_s.o [4]
__iar_Memchr                 0x1011         Code  Gb  memchr.o [6]
__iar_Strchr                  0xf81         Code  Gb  strchr.o [6]
__iar_close_ttio             0x1c25   0x2c  Code  Gb  iarttio.o [7]
__iar_copy_init3              0xf57   0x2a  Code  Gb  copy_init3.o [6]
__iar_data_init3             0x1e25   0x28  Code  Gb  data_init.o [6]
__iar_frexp                  0x10ed         Code  Gb  frexp.o [5]
__iar_frexpl                 0x10ed         Code  Gb  frexp.o [5]
__iar_get_ttio               0x1c51   0x4c  Code  Gb  iarttio.o [7]
__iar_init_vfp               0x1e4d         Code  Gb  fpinit_M.o [5]
__iar_ldexp64                0x11b9         Code  Gb  ldexp.o [5]
__iar_lookup_ttioh           0x1ca1    0x8  Code  Gb  XShttio.o [4]
__iar_program_start          0x1f49         Code  Gb  cstartup_M.o [6]
__iar_scalbln64              0x11b9         Code  Gb  ldexp.o [5]
__iar_scalbn64               0x11b9         Code  Gb  ldexp.o [5]
__iar_sh_stdout              0x1ef3   0x20  Code  Gb  iarwstd.o [7]
__iar_sh_write               0x1e6f   0x22  Code  Gb  iarwrite.o [7]
__iar_softfp___iar_frexp64
                             0x10e1         Code  Gb  frexp.o [5]
__iar_softfp_frexp           0x10e1         Code  Gb  frexp.o [5]
__iar_softfp_frexpl          0x10e1         Code  Gb  frexp.o [5]
__iar_ttio_handles      0x2000'0000    0x8  Data  Lc  XShttio.o [4]
__iar_unaligned_memcpy       0x1069         Code  Gb  ABImemcpy_unaligned.o [6]
__iar_unaligned_memcpy4
                             0x1089         Code  Gb  ABImemcpy_unaligned.o [6]
__iar_unaligned_memcpy8
                             0x1089         Code  Gb  ABImemcpy_unaligned.o [6]
__low_level_init             0x1f33    0x4  Code  Gb  low_level_init.o [4]
__vector_table                  0x0         Data  Gb  vector_table_M.o [6]
__write                      0x1ec5   0x10  Code  Gb  write.o [7]
_call_main                   0x1f21         Code  Gb  cmain.o [6]
_exit                        0x1f3d         Code  Gb  cexit.o [6]
abort                        0x1c05    0x6  Code  Gb  abort.o [4]
exit                         0x1f37    0x4  Code  Gb  exit.o [4]
ldexp                        0x11b9         Code  Gb  ldexp.o [5]
ldexpl                       0x11b9         Code  Gb  ldexp.o [5]
main                         0x1dcd   0x30  Code  Gb  main.o [1]
memchr                       0x1011         Code  Gb  memchr.o [6]
printf                       0x1dfd   0x28  Code  Gb  printf.o [4]
putchar                      0x1ea5   0x20  Code  Gb  putchar.o [4]
scalbln                      0x11b9         Code  Gb  ldexp.o [5]
scalblnl                     0x11b9         Code  Gb  ldexp.o [5]
scalbn                       0x11b9         Code  Gb  ldexp.o [5]
scalbnl                      0x11b9         Code  Gb  ldexp.o [5]
scale                         0xe69   0x46  Code  Lc  xprintffull_nomb.o [4]
sec_hand                0x2000'0008    0x4  Data  Lc  xfail_s.o [4]
strchr                        0xf81         Code  Gb  strchr.o [6]
strlen                        0xfd9         Code  Gb  strlen.o [6]


[1] = D:\Fall2025\Intro ES\project\Door_Lock\Test\Debug\Obj
[2] = D:\Fall2025\Intro ES\project\Door_Lock\Test\Debug\Obj\Control_ECU
[3] = D:\Fall2025\Intro ES\project\Door_Lock\Test\Debug\Obj\HMI_ECU
[4] = dl7M_tln.a
[5] = m7M_tls.a
[6] = rt7M_tl.a
[7] = shb_l.a

  8'038 bytes of readonly  code memory
     94 bytes of readonly  data memory
  4'108 bytes of readwrite data memory

Errors: none
Warnings: none
