###############################################################################
#
# IAR ELF Linker V9.10.1.308/W64 for ARM                  18/Dec/2025  00:02:56
# Copyright 2007-2021 IAR Systems AB.
#
#    Output file  =
#        D:\Fall2025\Intro ES\project\Door_Lock\Test\Debug\Exe\Test.out
#    Map file     =
#        D:\Fall2025\Intro ES\project\Door_Lock\Test\Debug\List\Test.map
#    Command line =
#        -f "D:\Fall2025\Intro
#        ES\project\Door_Lock\Test\Debug\Exe\Test.out.rsp" ("D:\Fall2025\Intro
#        ES\project\Door_Lock\Test\Debug\Obj\HMI_ECU\adc.o" "D:\Fall2025\Intro
#        ES\project\Door_Lock\Test\Debug\Obj\Control_ECU\buzzer.o"
#        "D:\Fall2025\Intro
#        ES\project\Door_Lock\Test\Debug\Obj\Control_ECU\eeprom.o"
#        "D:\Fall2025\Intro
#        ES\project\Door_Lock\Test\Debug\Obj\HMI_ECU\i2c_lcd.o"
#        "D:\Fall2025\Intro
#        ES\project\Door_Lock\Test\Debug\Obj\HMI_ECU\keypad.o"
#        "D:\Fall2025\Intro ES\project\Door_Lock\Test\Debug\Obj\HMI_ECU\leds.o"
#        "D:\Fall2025\Intro ES\project\Door_Lock\Test\Debug\Obj\main.o"
#        "D:\Fall2025\Intro
#        ES\project\Door_Lock\Test\Debug\Obj\Control_ECU\motor.o"
#        "D:\Fall2025\Intro
#        ES\project\Door_Lock\Test\Debug\Obj\HMI_ECU\password.o"
#        "D:\Fall2025\Intro ES\project\Door_Lock\Test\Debug\Obj\systick.o"
#        "D:\Fall2025\Intro
#        ES\project\Door_Lock\Test\Debug\Obj\Control_ECU\uart1.o"
#        --no_out_extension -o "D:\Fall2025\Intro
#        ES\project\Door_Lock\Test\Debug\Exe\Test.out" --map "D:\Fall2025\Intro
#        ES\project\Door_Lock\Test\Debug\List\Test.map" --config "C:\Program
#        Files\IAR Systems\Embedded Workbench
#        9.0\arm\config\linker\TexasInstruments\TM4C123GH6.icf" --semihosting
#        --entry __iar_program_start --vfe --enable_stack_usage --text_out
#        locale)
#
###############################################################################

*******************************************************************************
*** RUNTIME MODEL ATTRIBUTES
***

CppFlavor       = *
__SystemLibrary = DLib
__dlib_version  = 6


*******************************************************************************
*** HEAP SELECTION
***

The basic heap was selected because no calls to memory allocation
functions were found in the application outside of system library
functions, and there are calls to deallocation functions in the
application.


*******************************************************************************
*** PLACEMENT SUMMARY
***

"A0":  place at address 0x0 { ro section .intvec };
"P1":  place in [from 0x0 to 0x3'ffff] { ro };
define block CSTACK with size = 4K, alignment = 8 { };
define block HEAP with size = 8K, alignment = 8 { };
"P2":  place in [from 0x2000'0000 to 0x2000'7fff] {
          rw, block CSTACK, block HEAP };

  Section          Kind         Address    Size  Object
  -------          ----         -------    ----  ------
"A0":                                      0x40
  .intvec          ro code          0x0    0x40  vector_table_M.o [6]
                                 - 0x40    0x40

"P1":                                     0x1e8
  .text            ro code         0x40    0x6c  buzzer.o [2]
  .text            ro code         0xac    0x60  systick.o [1]
  .text            ro code        0x10c    0x38  zero_init3.o [6]
  .text            ro code        0x144    0x28  data_init.o [6]
  .text            ro code        0x16c    0x22  main.o [1]
  .text            ro code        0x18e     0x2  vectortrap_M.o [6]
  .text            ro code        0x190    0x22  fpinit_M.o [5]
  .iar.init_table  const          0x1b4    0x10  - Linker created -
  .text            ro code        0x1c4    0x1e  cmain.o [6]
  .text            ro code        0x1e2     0x4  low_level_init.o [4]
  .text            ro code        0x1e6     0x4  exit.o [4]
  .text            ro code        0x1ec     0xa  cexit.o [6]
  .text            ro code        0x1f8    0x14  exit.o [7]
  .text            ro code        0x20c    0x1c  cstartup_M.o [6]
  .rodata          const          0x228     0x0  zero_init3.o [6]
                                - 0x228   0x1e8

"P2", part 1 of 2:                          0x4
  .bss             zero     0x2000'0000     0x1  systick.o [1]
                          - 0x2000'0001     0x1

"P2", part 2 of 2:                       0x1000
  CSTACK                    0x2000'0008  0x1000  <Block>
    CSTACK         uninit   0x2000'0008  0x1000  <Block tail>
                          - 0x2000'1008  0x1000

Unused ranges:

         From           To      Size
         ----           --      ----
        0x228     0x3'ffff  0x3'fdd8
  0x2000'0004  0x2000'0007       0x4
  0x2000'1008  0x2000'7fff    0x6ff8


*******************************************************************************
*** INIT TABLE
***

          Address      Size
          -------      ----
Zero (__iar_zero_init3)
    1 destination range, total size 0x1:
          0x2000'0000   0x1


*******************************************************************************
*** STACK USAGE
***

  Call Graph Root Category  Max Use  Total Use
  ------------------------  -------  ---------
  interrupt                      0          0
  Program entry                 16         16


Program entry
  "__iar_program_start": 0x20d

  Maximum call chain                               16  bytes

    "__iar_program_start"                           0
    "__cmain"                                       0
    "__iar_data_init3"                              8
    "__iar_zero_init3"                              8

interrupt
  "__default_handler" in vectortrap_M.o [6]: 0x18f

  Maximum call chain                                0  bytes

    "__default_handler" in vectortrap_M.o [6]       0


*******************************************************************************
*** MODULE SUMMARY
***

    Module            ro code  ro data  rw data
    ------            -------  -------  -------
command line/config:
    -------------------------------------------
    Total:

D:\Fall2025\Intro ES\project\Door_Lock\Test\Debug\Obj: [1]
    main.o                 34
    systick.o              96                 1
    -------------------------------------------
    Total:                130                 1

D:\Fall2025\Intro ES\project\Door_Lock\Test\Debug\Obj\Control_ECU: [2]
    buzzer.o              108
    -------------------------------------------
    Total:                108

D:\Fall2025\Intro ES\project\Door_Lock\Test\Debug\Obj\HMI_ECU: [3]
    -------------------------------------------
    Total:

dl7M_tln.a: [4]
    exit.o                  4
    low_level_init.o        4
    -------------------------------------------
    Total:                  8

m7M_tls.a: [5]
    fpinit_M.o             34
    -------------------------------------------
    Total:                 34

rt7M_tl.a: [6]
    cexit.o                10
    cmain.o                30
    cstartup_M.o           28
    data_init.o            40
    vector_table_M.o       64
    vectortrap_M.o          2
    zero_init3.o           56
    -------------------------------------------
    Total:                230

shb_l.a: [7]
    exit.o                 20
    -------------------------------------------
    Total:                 20

    Gaps                    4        2
    Linker created                  16    4'096
-----------------------------------------------
    Grand Total:          534       18    4'097


*******************************************************************************
*** ENTRY LIST
***

Entry                       Address  Size  Type      Object
-----                       -------  ----  ----      ------
.iar.init_table$$Base         0x1b4         --   Gb  - Linker created -
.iar.init_table$$Limit        0x1c4         --   Gb  - Linker created -
?main                         0x1c5        Code  Gb  cmain.o [6]
BusFault_Handler              0x18f        Code  Wk  vectortrap_M.o [6]
Buzzer_Init                    0x41  0x3a  Code  Gb  buzzer.o [2]
Buzzer_Off                     0x89   0xe  Code  Gb  buzzer.o [2]
Buzzer_On                      0x7b   0xe  Code  Gb  buzzer.o [2]
CSTACK$$Base            0x2000'0008         --   Gb  - Linker created -
CSTACK$$Limit           0x2000'1008         --   Gb  - Linker created -
DebugMon_Handler              0x18f        Code  Wk  vectortrap_M.o [6]
DelayMs                        0xdb  0x22  Code  Gb  systick.o [1]
HardFault_Handler             0x18f        Code  Wk  vectortrap_M.o [6]
MemManage_Handler             0x18f        Code  Wk  vectortrap_M.o [6]
NMI_Handler                   0x18f        Code  Wk  vectortrap_M.o [6]
PendSV_Handler                0x18f        Code  Wk  vectortrap_M.o [6]
Region$$Table$$Base           0x1b4         --   Gb  - Linker created -
Region$$Table$$Limit          0x1c4         --   Gb  - Linker created -
SVC_Handler                   0x18f        Code  Wk  vectortrap_M.o [6]
SysTick_Handler               0x18f        Code  Wk  vectortrap_M.o [6]
SysTick_Init                   0xad  0x2e  Code  Gb  systick.o [1]
UsageFault_Handler            0x18f        Code  Wk  vectortrap_M.o [6]
__cmain                       0x1c5        Code  Gb  cmain.o [6]
__exit                        0x1f9  0x14  Code  Gb  exit.o [7]
__iar_data_init3              0x145  0x28  Code  Gb  data_init.o [6]
__iar_init_vfp                0x191        Code  Gb  fpinit_M.o [5]
__iar_program_start           0x20d        Code  Gb  cstartup_M.o [6]
__iar_zero_init3              0x10d  0x38  Code  Gb  zero_init3.o [6]
__low_level_init              0x1e3   0x4  Code  Gb  low_level_init.o [4]
__vector_table                  0x0        Data  Gb  vector_table_M.o [6]
_call_main                    0x1d1        Code  Gb  cmain.o [6]
_exit                         0x1ed        Code  Gb  cexit.o [6]
exit                          0x1e7   0x4  Code  Gb  exit.o [4]
interruptMode           0x2000'0000   0x1  Data  Lc  systick.o [1]
main                          0x16d  0x22  Code  Gb  main.o [1]


[1] = D:\Fall2025\Intro ES\project\Door_Lock\Test\Debug\Obj
[2] = D:\Fall2025\Intro ES\project\Door_Lock\Test\Debug\Obj\Control_ECU
[3] = D:\Fall2025\Intro ES\project\Door_Lock\Test\Debug\Obj\HMI_ECU
[4] = dl7M_tln.a
[5] = m7M_tls.a
[6] = rt7M_tl.a
[7] = shb_l.a

    534 bytes of readonly  code memory
     18 bytes of readonly  data memory
  4'097 bytes of readwrite data memory

Errors: none
Warnings: none
